[2025-10-25 06:22:21] prod.ERROR: SQLSTATE[HY000] [1045] Access denied for user 'root'@'localhost' (using password: NO) (Connection: mysql, SQL: delete from `cache`) {"exception":"[object] (Illuminate\\Database\\QueryException(code: 1045): SQLSTATE[HY000] [1045] Access denied for user 'root'@'localhost' (using password: NO) (Connection: mysql, SQL: delete from `cache`) at /home/u913608250/domains/passpermisfacile.fr/public_html/staging2/vendor/laravel/framework/src/Illuminate/Database/Connection.php:825)
[stacktrace]
#0 /home/u913608250/domains/passpermisfacile.fr/public_html/staging2/vendor/laravel/framework/src/Illuminate/Database/Connection.php(779): Illuminate\\Database\\Connection->runQueryCallback()
#1 /home/u913608250/domains/passpermisfacile.fr/public_html/staging2/vendor/laravel/framework/src/Illuminate/Database/Connection.php(584): Illuminate\\Database\\Connection->run()
#2 /home/u913608250/domains/passpermisfacile.fr/public_html/staging2/vendor/laravel/framework/src/Illuminate/Database/Connection.php(548): Illuminate\\Database\\Connection->affectingStatement()
#3 /home/u913608250/domains/passpermisfacile.fr/public_html/staging2/vendor/laravel/framework/src/Illuminate/Database/Query/Builder.php(4024): Illuminate\\Database\\Connection->delete()
#4 /home/u913608250/domains/passpermisfacile.fr/public_html/staging2/vendor/laravel/framework/src/Illuminate/Cache/DatabaseStore.php(422): Illuminate\\Database\\Query\\Builder->delete()
#5 /home/u913608250/domains/passpermisfacile.fr/public_html/staging2/vendor/laravel/framework/src/Illuminate/Cache/Repository.php(792): Illuminate\\Cache\\DatabaseStore->flush()
#6 /home/u913608250/domains/passpermisfacile.fr/public_html/staging2/vendor/laravel/framework/src/Illuminate/Cache/Console/ClearCommand.php(69): Illuminate\\Cache\\Repository->__call()
#7 /home/u913608250/domains/passpermisfacile.fr/public_html/staging2/vendor/laravel/framework/src/Illuminate/Container/BoundMethod.php(36): Illuminate\\Cache\\Console\\ClearCommand->handle()
#8 /home/u913608250/domains/passpermisfacile.fr/public_html/staging2/vendor/laravel/framework/src/Illuminate/Container/Util.php(43): Illuminate\\Container\\BoundMethod::Illuminate\\Container\\{closure}()
#9 /home/u913608250/domains/passpermisfacile.fr/public_html/staging2/vendor/laravel/framework/src/Illuminate/Container/BoundMethod.php(95): Illuminate\\Container\\Util::unwrapIfClosure()
#10 /home/u913608250/domains/passpermisfacile.fr/public_html/staging2/vendor/laravel/framework/src/Illuminate/Container/BoundMethod.php(35): Illuminate\\Container\\BoundMethod::callBoundMethod()
#11 /home/u913608250/domains/passpermisfacile.fr/public_html/staging2/vendor/laravel/framework/src/Illuminate/Container/Container.php(696): Illuminate\\Container\\BoundMethod::call()
#12 /home/u913608250/domains/passpermisfacile.fr/public_html/staging2/vendor/laravel/framework/src/Illuminate/Console/Command.php(213): Illuminate\\Container\\Container->call()
#13 /home/u913608250/domains/passpermisfacile.fr/public_html/staging2/vendor/symfony/console/Command/Command.php(318): Illuminate\\Console\\Command->execute()
#14 /home/u913608250/domains/passpermisfacile.fr/public_html/staging2/vendor/laravel/framework/src/Illuminate/Console/Command.php(182): Symfony\\Component\\Console\\Command\\Command->run()
#15 /home/u913608250/domains/passpermisfacile.fr/public_html/staging2/vendor/symfony/console/Application.php(1110): Illuminate\\Console\\Command->run()
#16 /home/u913608250/domains/passpermisfacile.fr/public_html/staging2/vendor/symfony/console/Application.php(359): Symfony\\Component\\Console\\Application->doRunCommand()
#17 /home/u913608250/domains/passpermisfacile.fr/public_html/staging2/vendor/symfony/console/Application.php(194): Symfony\\Component\\Console\\Application->doRun()
#18 /home/u913608250/domains/passpermisfacile.fr/public_html/staging2/vendor/laravel/framework/src/Illuminate/Foundation/Console/Kernel.php(198): Symfony\\Component\\Console\\Application->run()
#19 /home/u913608250/domains/passpermisfacile.fr/public_html/staging2/vendor/laravel/framework/src/Illuminate/Foundation/Application.php(1235): Illuminate\\Foundation\\Console\\Kernel->handle()
#20 /home/u913608250/domains/passpermisfacile.fr/public_html/staging2/artisan(13): Illuminate\\Foundation\\Application->handleCommand()
#21 {main}

[previous exception] [object] (PDOException(code: 1045): SQLSTATE[HY000] [1045] Access denied for user 'root'@'localhost' (using password: NO) at /home/u913608250/domains/passpermisfacile.fr/public_html/staging2/vendor/laravel/framework/src/Illuminate/Database/Connectors/Connector.php:66)
[stacktrace]
#0 /home/u913608250/domains/passpermisfacile.fr/public_html/staging2/vendor/laravel/framework/src/Illuminate/Database/Connectors/Connector.php(66): PDO->__construct()
#1 /home/u913608250/domains/passpermisfacile.fr/public_html/staging2/vendor/laravel/framework/src/Illuminate/Database/Connectors/Connector.php(44): Illuminate\\Database\\Connectors\\Connector->createPdoConnection()
#2 /home/u913608250/domains/passpermisfacile.fr/public_html/staging2/vendor/laravel/framework/src/Illuminate/Database/Connectors/MySqlConnector.php(24): Illuminate\\Database\\Connectors\\Connector->createConnection()
#3 /home/u913608250/domains/passpermisfacile.fr/public_html/staging2/vendor/laravel/framework/src/Illuminate/Database/Connectors/ConnectionFactory.php(185): Illuminate\\Database\\Connectors\\MySqlConnector->connect()
#4 [internal function]: Illuminate\\Database\\Connectors\\ConnectionFactory->Illuminate\\Database\\Connectors\\{closure}()
#5 /home/u913608250/domains/passpermisfacile.fr/public_html/staging2/vendor/laravel/framework/src/Illuminate/Database/Connection.php(1231): call_user_func()
#6 /home/u913608250/domains/passpermisfacile.fr/public_html/staging2/vendor/laravel/framework/src/Illuminate/Database/Connection.php(592): Illuminate\\Database\\Connection->getPdo()
#7 /home/u913608250/domains/passpermisfacile.fr/public_html/staging2/vendor/laravel/framework/src/Illuminate/Database/Connection.php(812): Illuminate\\Database\\Connection->Illuminate\\Database\\{closure}()
#8 /home/u913608250/domains/passpermisfacile.fr/public_html/staging2/vendor/laravel/framework/src/Illuminate/Database/Connection.php(779): Illuminate\\Database\\Connection->runQueryCallback()
#9 /home/u913608250/domains/passpermisfacile.fr/public_html/staging2/vendor/laravel/framework/src/Illuminate/Database/Connection.php(584): Illuminate\\Database\\Connection->run()
#10 /home/u913608250/domains/passpermisfacile.fr/public_html/staging2/vendor/laravel/framework/src/Illuminate/Database/Connection.php(548): Illuminate\\Database\\Connection->affectingStatement()
#11 /home/u913608250/domains/passpermisfacile.fr/public_html/staging2/vendor/laravel/framework/src/Illuminate/Database/Query/Builder.php(4024): Illuminate\\Database\\Connection->delete()
#12 /home/u913608250/domains/passpermisfacile.fr/public_html/staging2/vendor/laravel/framework/src/Illuminate/Cache/DatabaseStore.php(422): Illuminate\\Database\\Query\\Builder->delete()
#13 /home/u913608250/domains/passpermisfacile.fr/public_html/staging2/vendor/laravel/framework/src/Illuminate/Cache/Repository.php(792): Illuminate\\Cache\\DatabaseStore->flush()
#14 /home/u913608250/domains/passpermisfacile.fr/public_html/staging2/vendor/laravel/framework/src/Illuminate/Cache/Console/ClearCommand.php(69): Illuminate\\Cache\\Repository->__call()
#15 /home/u913608250/domains/passpermisfacile.fr/public_html/staging2/vendor/laravel/framework/src/Illuminate/Container/BoundMethod.php(36): Illuminate\\Cache\\Console\\ClearCommand->handle()
#16 /home/u913608250/domains/passpermisfacile.fr/public_html/staging2/vendor/laravel/framework/src/Illuminate/Container/Util.php(43): Illuminate\\Container\\BoundMethod::Illuminate\\Container\\{closure}()
#17 /home/u913608250/domains/passpermisfacile.fr/public_html/staging2/vendor/laravel/framework/src/Illuminate/Container/BoundMethod.php(95): Illuminate\\Container\\Util::unwrapIfClosure()
#18 /home/u913608250/domains/passpermisfacile.fr/public_html/staging2/vendor/laravel/framework/src/Illuminate/Container/BoundMethod.php(35): Illuminate\\Container\\BoundMethod::callBoundMethod()
#19 /home/u913608250/domains/passpermisfacile.fr/public_html/staging2/vendor/laravel/framework/src/Illuminate/Container/Container.php(696): Illuminate\\Container\\BoundMethod::call()
#20 /home/u913608250/domains/passpermisfacile.fr/public_html/staging2/vendor/laravel/framework/src/Illuminate/Console/Command.php(213): Illuminate\\Container\\Container->call()
#21 /home/u913608250/domains/passpermisfacile.fr/public_html/staging2/vendor/symfony/console/Command/Command.php(318): Illuminate\\Console\\Command->execute()
#22 /home/u913608250/domains/passpermisfacile.fr/public_html/staging2/vendor/laravel/framework/src/Illuminate/Console/Command.php(182): Symfony\\Component\\Console\\Command\\Command->run()
#23 /home/u913608250/domains/passpermisfacile.fr/public_html/staging2/vendor/symfony/console/Application.php(1110): Illuminate\\Console\\Command->run()
#24 /home/u913608250/domains/passpermisfacile.fr/public_html/staging2/vendor/symfony/console/Application.php(359): Symfony\\Component\\Console\\Application->doRunCommand()
#25 /home/u913608250/domains/passpermisfacile.fr/public_html/staging2/vendor/symfony/console/Application.php(194): Symfony\\Component\\Console\\Application->doRun()
#26 /home/u913608250/domains/passpermisfacile.fr/public_html/staging2/vendor/laravel/framework/src/Illuminate/Foundation/Console/Kernel.php(198): Symfony\\Component\\Console\\Application->run()
#27 /home/u913608250/domains/passpermisfacile.fr/public_html/staging2/vendor/laravel/framework/src/Illuminate/Foundation/Application.php(1235): Illuminate\\Foundation\\Console\\Kernel->handle()
#28 /home/u913608250/domains/passpermisfacile.fr/public_html/staging2/artisan(13): Illuminate\\Foundation\\Application->handleCommand()
#29 {main}
"} 
[2025-10-25 06:22:27] prod.ERROR: SQLSTATE[HY000] [1045] Access denied for user 'root'@'localhost' (using password: NO) (Connection: mysql, SQL: delete from `cache`) {"exception":"[object] (Illuminate\\Database\\QueryException(code: 1045): SQLSTATE[HY000] [1045] Access denied for user 'root'@'localhost' (using password: NO) (Connection: mysql, SQL: delete from `cache`) at /home/u913608250/domains/passpermisfacile.fr/public_html/staging2/vendor/laravel/framework/src/Illuminate/Database/Connection.php:825)
[stacktrace]
#0 /home/u913608250/domains/passpermisfacile.fr/public_html/staging2/vendor/laravel/framework/src/Illuminate/Database/Connection.php(779): Illuminate\\Database\\Connection->runQueryCallback()
#1 /home/u913608250/domains/passpermisfacile.fr/public_html/staging2/vendor/laravel/framework/src/Illuminate/Database/Connection.php(584): Illuminate\\Database\\Connection->run()
#2 /home/u913608250/domains/passpermisfacile.fr/public_html/staging2/vendor/laravel/framework/src/Illuminate/Database/Connection.php(548): Illuminate\\Database\\Connection->affectingStatement()
#3 /home/u913608250/domains/passpermisfacile.fr/public_html/staging2/vendor/laravel/framework/src/Illuminate/Database/Query/Builder.php(4024): Illuminate\\Database\\Connection->delete()
#4 /home/u913608250/domains/passpermisfacile.fr/public_html/staging2/vendor/laravel/framework/src/Illuminate/Cache/DatabaseStore.php(422): Illuminate\\Database\\Query\\Builder->delete()
#5 /home/u913608250/domains/passpermisfacile.fr/public_html/staging2/vendor/laravel/framework/src/Illuminate/Cache/Repository.php(792): Illuminate\\Cache\\DatabaseStore->flush()
#6 /home/u913608250/domains/passpermisfacile.fr/public_html/staging2/vendor/laravel/framework/src/Illuminate/Cache/Console/ClearCommand.php(69): Illuminate\\Cache\\Repository->__call()
#7 /home/u913608250/domains/passpermisfacile.fr/public_html/staging2/vendor/laravel/framework/src/Illuminate/Container/BoundMethod.php(36): Illuminate\\Cache\\Console\\ClearCommand->handle()
#8 /home/u913608250/domains/passpermisfacile.fr/public_html/staging2/vendor/laravel/framework/src/Illuminate/Container/Util.php(43): Illuminate\\Container\\BoundMethod::Illuminate\\Container\\{closure}()
#9 /home/u913608250/domains/passpermisfacile.fr/public_html/staging2/vendor/laravel/framework/src/Illuminate/Container/BoundMethod.php(95): Illuminate\\Container\\Util::unwrapIfClosure()
#10 /home/u913608250/domains/passpermisfacile.fr/public_html/staging2/vendor/laravel/framework/src/Illuminate/Container/BoundMethod.php(35): Illuminate\\Container\\BoundMethod::callBoundMethod()
#11 /home/u913608250/domains/passpermisfacile.fr/public_html/staging2/vendor/laravel/framework/src/Illuminate/Container/Container.php(696): Illuminate\\Container\\BoundMethod::call()
#12 /home/u913608250/domains/passpermisfacile.fr/public_html/staging2/vendor/laravel/framework/src/Illuminate/Console/Command.php(213): Illuminate\\Container\\Container->call()
#13 /home/u913608250/domains/passpermisfacile.fr/public_html/staging2/vendor/symfony/console/Command/Command.php(318): Illuminate\\Console\\Command->execute()
#14 /home/u913608250/domains/passpermisfacile.fr/public_html/staging2/vendor/laravel/framework/src/Illuminate/Console/Command.php(182): Symfony\\Component\\Console\\Command\\Command->run()
#15 /home/u913608250/domains/passpermisfacile.fr/public_html/staging2/vendor/symfony/console/Application.php(1110): Illuminate\\Console\\Command->run()
#16 /home/u913608250/domains/passpermisfacile.fr/public_html/staging2/vendor/symfony/console/Application.php(359): Symfony\\Component\\Console\\Application->doRunCommand()
#17 /home/u913608250/domains/passpermisfacile.fr/public_html/staging2/vendor/symfony/console/Application.php(194): Symfony\\Component\\Console\\Application->doRun()
#18 /home/u913608250/domains/passpermisfacile.fr/public_html/staging2/vendor/laravel/framework/src/Illuminate/Foundation/Console/Kernel.php(198): Symfony\\Component\\Console\\Application->run()
#19 /home/u913608250/domains/passpermisfacile.fr/public_html/staging2/vendor/laravel/framework/src/Illuminate/Foundation/Application.php(1235): Illuminate\\Foundation\\Console\\Kernel->handle()
#20 /home/u913608250/domains/passpermisfacile.fr/public_html/staging2/artisan(13): Illuminate\\Foundation\\Application->handleCommand()
#21 {main}

[previous exception] [object] (PDOException(code: 1045): SQLSTATE[HY000] [1045] Access denied for user 'root'@'localhost' (using password: NO) at /home/u913608250/domains/passpermisfacile.fr/public_html/staging2/vendor/laravel/framework/src/Illuminate/Database/Connectors/Connector.php:66)
[stacktrace]
#0 /home/u913608250/domains/passpermisfacile.fr/public_html/staging2/vendor/laravel/framework/src/Illuminate/Database/Connectors/Connector.php(66): PDO->__construct()
#1 /home/u913608250/domains/passpermisfacile.fr/public_html/staging2/vendor/laravel/framework/src/Illuminate/Database/Connectors/Connector.php(44): Illuminate\\Database\\Connectors\\Connector->createPdoConnection()
#2 /home/u913608250/domains/passpermisfacile.fr/public_html/staging2/vendor/laravel/framework/src/Illuminate/Database/Connectors/MySqlConnector.php(24): Illuminate\\Database\\Connectors\\Connector->createConnection()
#3 /home/u913608250/domains/passpermisfacile.fr/public_html/staging2/vendor/laravel/framework/src/Illuminate/Database/Connectors/ConnectionFactory.php(185): Illuminate\\Database\\Connectors\\MySqlConnector->connect()
#4 [internal function]: Illuminate\\Database\\Connectors\\ConnectionFactory->Illuminate\\Database\\Connectors\\{closure}()
#5 /home/u913608250/domains/passpermisfacile.fr/public_html/staging2/vendor/laravel/framework/src/Illuminate/Database/Connection.php(1231): call_user_func()
#6 /home/u913608250/domains/passpermisfacile.fr/public_html/staging2/vendor/laravel/framework/src/Illuminate/Database/Connection.php(592): Illuminate\\Database\\Connection->getPdo()
#7 /home/u913608250/domains/passpermisfacile.fr/public_html/staging2/vendor/laravel/framework/src/Illuminate/Database/Connection.php(812): Illuminate\\Database\\Connection->Illuminate\\Database\\{closure}()
#8 /home/u913608250/domains/passpermisfacile.fr/public_html/staging2/vendor/laravel/framework/src/Illuminate/Database/Connection.php(779): Illuminate\\Database\\Connection->runQueryCallback()
#9 /home/u913608250/domains/passpermisfacile.fr/public_html/staging2/vendor/laravel/framework/src/Illuminate/Database/Connection.php(584): Illuminate\\Database\\Connection->run()
#10 /home/u913608250/domains/passpermisfacile.fr/public_html/staging2/vendor/laravel/framework/src/Illuminate/Database/Connection.php(548): Illuminate\\Database\\Connection->affectingStatement()
#11 /home/u913608250/domains/passpermisfacile.fr/public_html/staging2/vendor/laravel/framework/src/Illuminate/Database/Query/Builder.php(4024): Illuminate\\Database\\Connection->delete()
#12 /home/u913608250/domains/passpermisfacile.fr/public_html/staging2/vendor/laravel/framework/src/Illuminate/Cache/DatabaseStore.php(422): Illuminate\\Database\\Query\\Builder->delete()
#13 /home/u913608250/domains/passpermisfacile.fr/public_html/staging2/vendor/laravel/framework/src/Illuminate/Cache/Repository.php(792): Illuminate\\Cache\\DatabaseStore->flush()
#14 /home/u913608250/domains/passpermisfacile.fr/public_html/staging2/vendor/laravel/framework/src/Illuminate/Cache/Console/ClearCommand.php(69): Illuminate\\Cache\\Repository->__call()
#15 /home/u913608250/domains/passpermisfacile.fr/public_html/staging2/vendor/laravel/framework/src/Illuminate/Container/BoundMethod.php(36): Illuminate\\Cache\\Console\\ClearCommand->handle()
#16 /home/u913608250/domains/passpermisfacile.fr/public_html/staging2/vendor/laravel/framework/src/Illuminate/Container/Util.php(43): Illuminate\\Container\\BoundMethod::Illuminate\\Container\\{closure}()
#17 /home/u913608250/domains/passpermisfacile.fr/public_html/staging2/vendor/laravel/framework/src/Illuminate/Container/BoundMethod.php(95): Illuminate\\Container\\Util::unwrapIfClosure()
#18 /home/u913608250/domains/passpermisfacile.fr/public_html/staging2/vendor/laravel/framework/src/Illuminate/Container/BoundMethod.php(35): Illuminate\\Container\\BoundMethod::callBoundMethod()
#19 /home/u913608250/domains/passpermisfacile.fr/public_html/staging2/vendor/laravel/framework/src/Illuminate/Container/Container.php(696): Illuminate\\Container\\BoundMethod::call()
#20 /home/u913608250/domains/passpermisfacile.fr/public_html/staging2/vendor/laravel/framework/src/Illuminate/Console/Command.php(213): Illuminate\\Container\\Container->call()
#21 /home/u913608250/domains/passpermisfacile.fr/public_html/staging2/vendor/symfony/console/Command/Command.php(318): Illuminate\\Console\\Command->execute()
#22 /home/u913608250/domains/passpermisfacile.fr/public_html/staging2/vendor/laravel/framework/src/Illuminate/Console/Command.php(182): Symfony\\Component\\Console\\Command\\Command->run()
#23 /home/u913608250/domains/passpermisfacile.fr/public_html/staging2/vendor/symfony/console/Application.php(1110): Illuminate\\Console\\Command->run()
#24 /home/u913608250/domains/passpermisfacile.fr/public_html/staging2/vendor/symfony/console/Application.php(359): Symfony\\Component\\Console\\Application->doRunCommand()
#25 /home/u913608250/domains/passpermisfacile.fr/public_html/staging2/vendor/symfony/console/Application.php(194): Symfony\\Component\\Console\\Application->doRun()
#26 /home/u913608250/domains/passpermisfacile.fr/public_html/staging2/vendor/laravel/framework/src/Illuminate/Foundation/Console/Kernel.php(198): Symfony\\Component\\Console\\Application->run()
#27 /home/u913608250/domains/passpermisfacile.fr/public_html/staging2/vendor/laravel/framework/src/Illuminate/Foundation/Application.php(1235): Illuminate\\Foundation\\Console\\Kernel->handle()
#28 /home/u913608250/domains/passpermisfacile.fr/public_html/staging2/artisan(13): Illuminate\\Foundation\\Application->handleCommand()
#29 {main}
"} 
[2025-10-25 06:22:30] prod.ERROR: The "C:\wamp64\www\PassPermis\resources\views" directory does not exist. {"exception":"[object] (Symfony\\Component\\Finder\\Exception\\DirectoryNotFoundException(code: 0): The \"C:\\wamp64\\www\\PassPermis\\resources\\views\" directory does not exist. at /home/u913608250/domains/passpermisfacile.fr/public_html/staging2/vendor/symfony/finder/Finder.php:646)
[stacktrace]
#0 /home/u913608250/domains/passpermisfacile.fr/public_html/staging2/vendor/laravel/framework/src/Illuminate/Foundation/Console/ViewCacheCommand.php(88): Symfony\\Component\\Finder\\Finder->in()
#1 /home/u913608250/domains/passpermisfacile.fr/public_html/staging2/vendor/laravel/framework/src/Illuminate/Foundation/Console/ViewCacheCommand.php(43): Illuminate\\Foundation\\Console\\ViewCacheCommand->bladeFilesIn()
#2 /home/u913608250/domains/passpermisfacile.fr/public_html/staging2/vendor/laravel/framework/src/Illuminate/Collections/Traits/EnumeratesValues.php(261): Illuminate\\Foundation\\Console\\ViewCacheCommand->Illuminate\\Foundation\\Console\\{closure}()
#3 /home/u913608250/domains/passpermisfacile.fr/public_html/staging2/vendor/laravel/framework/src/Illuminate/Foundation/Console/ViewCacheCommand.php(38): Illuminate\\Support\\Collection->each()
#4 /home/u913608250/domains/passpermisfacile.fr/public_html/staging2/vendor/laravel/framework/src/Illuminate/Container/BoundMethod.php(36): Illuminate\\Foundation\\Console\\ViewCacheCommand->handle()
#5 /home/u913608250/domains/passpermisfacile.fr/public_html/staging2/vendor/laravel/framework/src/Illuminate/Container/Util.php(43): Illuminate\\Container\\BoundMethod::Illuminate\\Container\\{closure}()
#6 /home/u913608250/domains/passpermisfacile.fr/public_html/staging2/vendor/laravel/framework/src/Illuminate/Container/BoundMethod.php(95): Illuminate\\Container\\Util::unwrapIfClosure()
#7 /home/u913608250/domains/passpermisfacile.fr/public_html/staging2/vendor/laravel/framework/src/Illuminate/Container/BoundMethod.php(35): Illuminate\\Container\\BoundMethod::callBoundMethod()
#8 /home/u913608250/domains/passpermisfacile.fr/public_html/staging2/vendor/laravel/framework/src/Illuminate/Container/Container.php(696): Illuminate\\Container\\BoundMethod::call()
#9 /home/u913608250/domains/passpermisfacile.fr/public_html/staging2/vendor/laravel/framework/src/Illuminate/Console/Command.php(213): Illuminate\\Container\\Container->call()
#10 /home/u913608250/domains/passpermisfacile.fr/public_html/staging2/vendor/symfony/console/Command/Command.php(318): Illuminate\\Console\\Command->execute()
#11 /home/u913608250/domains/passpermisfacile.fr/public_html/staging2/vendor/laravel/framework/src/Illuminate/Console/Command.php(182): Symfony\\Component\\Console\\Command\\Command->run()
#12 /home/u913608250/domains/passpermisfacile.fr/public_html/staging2/vendor/laravel/framework/src/Illuminate/Console/Concerns/CallsCommands.php(68): Illuminate\\Console\\Command->run()
#13 /home/u913608250/domains/passpermisfacile.fr/public_html/staging2/vendor/laravel/framework/src/Illuminate/Console/Concerns/CallsCommands.php(41): Illuminate\\Console\\Command->runCommand()
#14 /home/u913608250/domains/passpermisfacile.fr/public_html/staging2/vendor/laravel/framework/src/Illuminate/Console/Concerns/CallsCommands.php(53): Illuminate\\Console\\Command->callSilent()
#15 /home/u913608250/domains/passpermisfacile.fr/public_html/staging2/vendor/laravel/framework/src/Illuminate/Foundation/Console/OptimizeCommand.php(48): Illuminate\\Console\\Command->callSilently()
#16 /home/u913608250/domains/passpermisfacile.fr/public_html/staging2/vendor/laravel/framework/src/Illuminate/Console/View/Components/Task.php(40): Illuminate\\Foundation\\Console\\OptimizeCommand->Illuminate\\Foundation\\Console\\{closure}()
#17 /home/u913608250/domains/passpermisfacile.fr/public_html/staging2/vendor/laravel/framework/src/Illuminate/Console/View/Components/Factory.php(60): Illuminate\\Console\\View\\Components\\Task->render()
#18 /home/u913608250/domains/passpermisfacile.fr/public_html/staging2/vendor/laravel/framework/src/Illuminate/Foundation/Console/OptimizeCommand.php(48): Illuminate\\Console\\View\\Components\\Factory->__call()
#19 /home/u913608250/domains/passpermisfacile.fr/public_html/staging2/vendor/laravel/framework/src/Illuminate/Container/BoundMethod.php(36): Illuminate\\Foundation\\Console\\OptimizeCommand->handle()
#20 /home/u913608250/domains/passpermisfacile.fr/public_html/staging2/vendor/laravel/framework/src/Illuminate/Container/Util.php(43): Illuminate\\Container\\BoundMethod::Illuminate\\Container\\{closure}()
#21 /home/u913608250/domains/passpermisfacile.fr/public_html/staging2/vendor/laravel/framework/src/Illuminate/Container/BoundMethod.php(95): Illuminate\\Container\\Util::unwrapIfClosure()
#22 /home/u913608250/domains/passpermisfacile.fr/public_html/staging2/vendor/laravel/framework/src/Illuminate/Container/BoundMethod.php(35): Illuminate\\Container\\BoundMethod::callBoundMethod()
#23 /home/u913608250/domains/passpermisfacile.fr/public_html/staging2/vendor/laravel/framework/src/Illuminate/Container/Container.php(696): Illuminate\\Container\\BoundMethod::call()
#24 /home/u913608250/domains/passpermisfacile.fr/public_html/staging2/vendor/laravel/framework/src/Illuminate/Console/Command.php(213): Illuminate\\Container\\Container->call()
#25 /home/u913608250/domains/passpermisfacile.fr/public_html/staging2/vendor/symfony/console/Command/Command.php(318): Illuminate\\Console\\Command->execute()
#26 /home/u913608250/domains/passpermisfacile.fr/public_html/staging2/vendor/laravel/framework/src/Illuminate/Console/Command.php(182): Symfony\\Component\\Console\\Command\\Command->run()
#27 /home/u913608250/domains/passpermisfacile.fr/public_html/staging2/vendor/symfony/console/Application.php(1110): Illuminate\\Console\\Command->run()
#28 /home/u913608250/domains/passpermisfacile.fr/public_html/staging2/vendor/symfony/console/Application.php(359): Symfony\\Component\\Console\\Application->doRunCommand()
#29 /home/u913608250/domains/passpermisfacile.fr/public_html/staging2/vendor/symfony/console/Application.php(194): Symfony\\Component\\Console\\Application->doRun()
#30 /home/u913608250/domains/passpermisfacile.fr/public_html/staging2/vendor/laravel/framework/src/Illuminate/Foundation/Console/Kernel.php(198): Symfony\\Component\\Console\\Application->run()
#31 /home/u913608250/domains/passpermisfacile.fr/public_html/staging2/vendor/laravel/framework/src/Illuminate/Foundation/Application.php(1235): Illuminate\\Foundation\\Console\\Kernel->handle()
#32 /home/u913608250/domains/passpermisfacile.fr/public_html/staging2/artisan(13): Illuminate\\Foundation\\Application->handleCommand()
#33 {main}
"} 
