[2026-03-20 06:25:04] prod.ERROR: SQLSTATE[HY000] [1045] Access denied for user 'root'@'localhost' (using password: NO) {"exception":"[object] (PDOException(code: 1045): SQLSTATE[HY000] [1045] Access denied for user 'root'@'localhost' (using password: NO) at /home/u913608250/domains/passpermisfacile.fr/public_html/staging/vendor/laravel/framework/src/Illuminate/Database/Connectors/Connector.php:67)
[stacktrace]
#0 /home/u913608250/domains/passpermisfacile.fr/public_html/staging/vendor/laravel/framework/src/Illuminate/Database/Connectors/Connector.php(67): PDO::connect()
#1 /home/u913608250/domains/passpermisfacile.fr/public_html/staging/vendor/laravel/framework/src/Illuminate/Database/Connectors/Connector.php(44): Illuminate\\Database\\Connectors\\Connector->createPdoConnection()
#2 /home/u913608250/domains/passpermisfacile.fr/public_html/staging/vendor/laravel/framework/src/Illuminate/Database/Connectors/MySqlConnector.php(24): Illuminate\\Database\\Connectors\\Connector->createConnection()
#3 /home/u913608250/domains/passpermisfacile.fr/public_html/staging/vendor/laravel/framework/src/Illuminate/Database/Connectors/ConnectionFactory.php(185): Illuminate\\Database\\Connectors\\MySqlConnector->connect()
#4 [internal function]: Illuminate\\Database\\Connectors\\ConnectionFactory->{closure:Illuminate\\Database\\Connectors\\ConnectionFactory::createPdoResolverWithHosts():180}()
#5 /home/u913608250/domains/passpermisfacile.fr/public_html/staging/vendor/laravel/framework/src/Illuminate/Database/Connection.php(1231): call_user_func()
#6 /home/u913608250/domains/passpermisfacile.fr/public_html/staging/vendor/laravel/framework/src/Illuminate/Database/Concerns/ManagesTransactions.php(151): Illuminate\\Database\\Connection->getPdo()
#7 /home/u913608250/domains/passpermisfacile.fr/public_html/staging/vendor/laravel/framework/src/Illuminate/Database/Concerns/ManagesTransactions.php(127): Illuminate\\Database\\Connection->createTransaction()
#8 /home/u913608250/domains/passpermisfacile.fr/public_html/staging/vendor/laravel/framework/src/Illuminate/Database/DatabaseManager.php(495): Illuminate\\Database\\Connection->beginTransaction()
#9 /home/u913608250/domains/passpermisfacile.fr/public_html/staging/vendor/laravel/framework/src/Illuminate/Support/Facades/Facade.php(361): Illuminate\\Database\\DatabaseManager->__call()
#10 /home/u913608250/domains/passpermisfacile.fr/public_html/staging/app/Console/Commands/GenerateRatingMonitorCommand.php(36): Illuminate\\Support\\Facades\\Facade::__callStatic()
#11 /home/u913608250/domains/passpermisfacile.fr/public_html/staging/vendor/laravel/framework/src/Illuminate/Container/BoundMethod.php(36): App\\Console\\Commands\\GenerateRatingMonitorCommand->handle()
#12 /home/u913608250/domains/passpermisfacile.fr/public_html/staging/vendor/laravel/framework/src/Illuminate/Container/Util.php(43): Illuminate\\Container\\BoundMethod::{closure:Illuminate\\Container\\BoundMethod::call():35}()
#13 /home/u913608250/domains/passpermisfacile.fr/public_html/staging/vendor/laravel/framework/src/Illuminate/Container/BoundMethod.php(95): Illuminate\\Container\\Util::unwrapIfClosure()
#14 /home/u913608250/domains/passpermisfacile.fr/public_html/staging/vendor/laravel/framework/src/Illuminate/Container/BoundMethod.php(35): Illuminate\\Container\\BoundMethod::callBoundMethod()
#15 /home/u913608250/domains/passpermisfacile.fr/public_html/staging/vendor/laravel/framework/src/Illuminate/Container/Container.php(696): Illuminate\\Container\\BoundMethod::call()
#16 /home/u913608250/domains/passpermisfacile.fr/public_html/staging/vendor/laravel/framework/src/Illuminate/Console/Command.php(213): Illuminate\\Container\\Container->call()
#17 /home/u913608250/domains/passpermisfacile.fr/public_html/staging/vendor/symfony/console/Command/Command.php(341): Illuminate\\Console\\Command->execute()
#18 /home/u913608250/domains/passpermisfacile.fr/public_html/staging/vendor/laravel/framework/src/Illuminate/Console/Command.php(182): Symfony\\Component\\Console\\Command\\Command->run()
#19 /home/u913608250/domains/passpermisfacile.fr/public_html/staging/vendor/symfony/console/Application.php(1102): Illuminate\\Console\\Command->run()
#20 /home/u913608250/domains/passpermisfacile.fr/public_html/staging/vendor/symfony/console/Application.php(356): Symfony\\Component\\Console\\Application->doRunCommand()
#21 /home/u913608250/domains/passpermisfacile.fr/public_html/staging/vendor/symfony/console/Application.php(195): Symfony\\Component\\Console\\Application->doRun()
#22 /home/u913608250/domains/passpermisfacile.fr/public_html/staging/vendor/laravel/framework/src/Illuminate/Foundation/Console/Kernel.php(198): Symfony\\Component\\Console\\Application->run()
#23 /home/u913608250/domains/passpermisfacile.fr/public_html/staging/vendor/laravel/framework/src/Illuminate/Foundation/Application.php(1235): Illuminate\\Foundation\\Console\\Kernel->handle()
#24 /home/u913608250/domains/passpermisfacile.fr/public_html/staging/artisan(13): Illuminate\\Foundation\\Application->handleCommand()
#25 {main}
"} 
[2026-03-20 06:26:04] prod.ERROR: SQLSTATE[HY000] [1045] Access denied for user 'root'@'localhost' (using password: NO) {"exception":"[object] (PDOException(code: 1045): SQLSTATE[HY000] [1045] Access denied for user 'root'@'localhost' (using password: NO) at /home/u913608250/domains/passpermisfacile.fr/public_html/staging/vendor/laravel/framework/src/Illuminate/Database/Connectors/Connector.php:67)
[stacktrace]
#0 /home/u913608250/domains/passpermisfacile.fr/public_html/staging/vendor/laravel/framework/src/Illuminate/Database/Connectors/Connector.php(67): PDO::connect()
#1 /home/u913608250/domains/passpermisfacile.fr/public_html/staging/vendor/laravel/framework/src/Illuminate/Database/Connectors/Connector.php(44): Illuminate\\Database\\Connectors\\Connector->createPdoConnection()
#2 /home/u913608250/domains/passpermisfacile.fr/public_html/staging/vendor/laravel/framework/src/Illuminate/Database/Connectors/MySqlConnector.php(24): Illuminate\\Database\\Connectors\\Connector->createConnection()
#3 /home/u913608250/domains/passpermisfacile.fr/public_html/staging/vendor/laravel/framework/src/Illuminate/Database/Connectors/ConnectionFactory.php(185): Illuminate\\Database\\Connectors\\MySqlConnector->connect()
#4 [internal function]: Illuminate\\Database\\Connectors\\ConnectionFactory->{closure:Illuminate\\Database\\Connectors\\ConnectionFactory::createPdoResolverWithHosts():180}()
#5 /home/u913608250/domains/passpermisfacile.fr/public_html/staging/vendor/laravel/framework/src/Illuminate/Database/Connection.php(1231): call_user_func()
#6 /home/u913608250/domains/passpermisfacile.fr/public_html/staging/vendor/laravel/framework/src/Illuminate/Database/Concerns/ManagesTransactions.php(151): Illuminate\\Database\\Connection->getPdo()
#7 /home/u913608250/domains/passpermisfacile.fr/public_html/staging/vendor/laravel/framework/src/Illuminate/Database/Concerns/ManagesTransactions.php(127): Illuminate\\Database\\Connection->createTransaction()
#8 /home/u913608250/domains/passpermisfacile.fr/public_html/staging/vendor/laravel/framework/src/Illuminate/Database/DatabaseManager.php(495): Illuminate\\Database\\Connection->beginTransaction()
#9 /home/u913608250/domains/passpermisfacile.fr/public_html/staging/vendor/laravel/framework/src/Illuminate/Support/Facades/Facade.php(361): Illuminate\\Database\\DatabaseManager->__call()
#10 /home/u913608250/domains/passpermisfacile.fr/public_html/staging/app/Console/Commands/GenerateRatingMonitorCommand.php(36): Illuminate\\Support\\Facades\\Facade::__callStatic()
#11 /home/u913608250/domains/passpermisfacile.fr/public_html/staging/vendor/laravel/framework/src/Illuminate/Container/BoundMethod.php(36): App\\Console\\Commands\\GenerateRatingMonitorCommand->handle()
#12 /home/u913608250/domains/passpermisfacile.fr/public_html/staging/vendor/laravel/framework/src/Illuminate/Container/Util.php(43): Illuminate\\Container\\BoundMethod::{closure:Illuminate\\Container\\BoundMethod::call():35}()
#13 /home/u913608250/domains/passpermisfacile.fr/public_html/staging/vendor/laravel/framework/src/Illuminate/Container/BoundMethod.php(95): Illuminate\\Container\\Util::unwrapIfClosure()
#14 /home/u913608250/domains/passpermisfacile.fr/public_html/staging/vendor/laravel/framework/src/Illuminate/Container/BoundMethod.php(35): Illuminate\\Container\\BoundMethod::callBoundMethod()
#15 /home/u913608250/domains/passpermisfacile.fr/public_html/staging/vendor/laravel/framework/src/Illuminate/Container/Container.php(696): Illuminate\\Container\\BoundMethod::call()
#16 /home/u913608250/domains/passpermisfacile.fr/public_html/staging/vendor/laravel/framework/src/Illuminate/Console/Command.php(213): Illuminate\\Container\\Container->call()
#17 /home/u913608250/domains/passpermisfacile.fr/public_html/staging/vendor/symfony/console/Command/Command.php(341): Illuminate\\Console\\Command->execute()
#18 /home/u913608250/domains/passpermisfacile.fr/public_html/staging/vendor/laravel/framework/src/Illuminate/Console/Command.php(182): Symfony\\Component\\Console\\Command\\Command->run()
#19 /home/u913608250/domains/passpermisfacile.fr/public_html/staging/vendor/symfony/console/Application.php(1102): Illuminate\\Console\\Command->run()
#20 /home/u913608250/domains/passpermisfacile.fr/public_html/staging/vendor/symfony/console/Application.php(356): Symfony\\Component\\Console\\Application->doRunCommand()
#21 /home/u913608250/domains/passpermisfacile.fr/public_html/staging/vendor/symfony/console/Application.php(195): Symfony\\Component\\Console\\Application->doRun()
#22 /home/u913608250/domains/passpermisfacile.fr/public_html/staging/vendor/laravel/framework/src/Illuminate/Foundation/Console/Kernel.php(198): Symfony\\Component\\Console\\Application->run()
#23 /home/u913608250/domains/passpermisfacile.fr/public_html/staging/vendor/laravel/framework/src/Illuminate/Foundation/Application.php(1235): Illuminate\\Foundation\\Console\\Kernel->handle()
#24 /home/u913608250/domains/passpermisfacile.fr/public_html/staging/artisan(13): Illuminate\\Foundation\\Application->handleCommand()
#25 {main}
"} 
[2026-03-20 06:27:04] prod.ERROR: SQLSTATE[HY000] [1045] Access denied for user 'root'@'localhost' (using password: NO) {"exception":"[object] (PDOException(code: 1045): SQLSTATE[HY000] [1045] Access denied for user 'root'@'localhost' (using password: NO) at /home/u913608250/domains/passpermisfacile.fr/public_html/staging/vendor/laravel/framework/src/Illuminate/Database/Connectors/Connector.php:67)
[stacktrace]
#0 /home/u913608250/domains/passpermisfacile.fr/public_html/staging/vendor/laravel/framework/src/Illuminate/Database/Connectors/Connector.php(67): PDO::connect()
#1 /home/u913608250/domains/passpermisfacile.fr/public_html/staging/vendor/laravel/framework/src/Illuminate/Database/Connectors/Connector.php(44): Illuminate\\Database\\Connectors\\Connector->createPdoConnection()
#2 /home/u913608250/domains/passpermisfacile.fr/public_html/staging/vendor/laravel/framework/src/Illuminate/Database/Connectors/MySqlConnector.php(24): Illuminate\\Database\\Connectors\\Connector->createConnection()
#3 /home/u913608250/domains/passpermisfacile.fr/public_html/staging/vendor/laravel/framework/src/Illuminate/Database/Connectors/ConnectionFactory.php(185): Illuminate\\Database\\Connectors\\MySqlConnector->connect()
#4 [internal function]: Illuminate\\Database\\Connectors\\ConnectionFactory->{closure:Illuminate\\Database\\Connectors\\ConnectionFactory::createPdoResolverWithHosts():180}()
#5 /home/u913608250/domains/passpermisfacile.fr/public_html/staging/vendor/laravel/framework/src/Illuminate/Database/Connection.php(1231): call_user_func()
#6 /home/u913608250/domains/passpermisfacile.fr/public_html/staging/vendor/laravel/framework/src/Illuminate/Database/Concerns/ManagesTransactions.php(151): Illuminate\\Database\\Connection->getPdo()
#7 /home/u913608250/domains/passpermisfacile.fr/public_html/staging/vendor/laravel/framework/src/Illuminate/Database/Concerns/ManagesTransactions.php(127): Illuminate\\Database\\Connection->createTransaction()
#8 /home/u913608250/domains/passpermisfacile.fr/public_html/staging/vendor/laravel/framework/src/Illuminate/Database/DatabaseManager.php(495): Illuminate\\Database\\Connection->beginTransaction()
#9 /home/u913608250/domains/passpermisfacile.fr/public_html/staging/vendor/laravel/framework/src/Illuminate/Support/Facades/Facade.php(361): Illuminate\\Database\\DatabaseManager->__call()
#10 /home/u913608250/domains/passpermisfacile.fr/public_html/staging/app/Console/Commands/GenerateRatingMonitorCommand.php(36): Illuminate\\Support\\Facades\\Facade::__callStatic()
#11 /home/u913608250/domains/passpermisfacile.fr/public_html/staging/vendor/laravel/framework/src/Illuminate/Container/BoundMethod.php(36): App\\Console\\Commands\\GenerateRatingMonitorCommand->handle()
#12 /home/u913608250/domains/passpermisfacile.fr/public_html/staging/vendor/laravel/framework/src/Illuminate/Container/Util.php(43): Illuminate\\Container\\BoundMethod::{closure:Illuminate\\Container\\BoundMethod::call():35}()
#13 /home/u913608250/domains/passpermisfacile.fr/public_html/staging/vendor/laravel/framework/src/Illuminate/Container/BoundMethod.php(95): Illuminate\\Container\\Util::unwrapIfClosure()
#14 /home/u913608250/domains/passpermisfacile.fr/public_html/staging/vendor/laravel/framework/src/Illuminate/Container/BoundMethod.php(35): Illuminate\\Container\\BoundMethod::callBoundMethod()
#15 /home/u913608250/domains/passpermisfacile.fr/public_html/staging/vendor/laravel/framework/src/Illuminate/Container/Container.php(696): Illuminate\\Container\\BoundMethod::call()
#16 /home/u913608250/domains/passpermisfacile.fr/public_html/staging/vendor/laravel/framework/src/Illuminate/Console/Command.php(213): Illuminate\\Container\\Container->call()
#17 /home/u913608250/domains/passpermisfacile.fr/public_html/staging/vendor/symfony/console/Command/Command.php(341): Illuminate\\Console\\Command->execute()
#18 /home/u913608250/domains/passpermisfacile.fr/public_html/staging/vendor/laravel/framework/src/Illuminate/Console/Command.php(182): Symfony\\Component\\Console\\Command\\Command->run()
#19 /home/u913608250/domains/passpermisfacile.fr/public_html/staging/vendor/symfony/console/Application.php(1102): Illuminate\\Console\\Command->run()
#20 /home/u913608250/domains/passpermisfacile.fr/public_html/staging/vendor/symfony/console/Application.php(356): Symfony\\Component\\Console\\Application->doRunCommand()
#21 /home/u913608250/domains/passpermisfacile.fr/public_html/staging/vendor/symfony/console/Application.php(195): Symfony\\Component\\Console\\Application->doRun()
#22 /home/u913608250/domains/passpermisfacile.fr/public_html/staging/vendor/laravel/framework/src/Illuminate/Foundation/Console/Kernel.php(198): Symfony\\Component\\Console\\Application->run()
#23 /home/u913608250/domains/passpermisfacile.fr/public_html/staging/vendor/laravel/framework/src/Illuminate/Foundation/Application.php(1235): Illuminate\\Foundation\\Console\\Kernel->handle()
#24 /home/u913608250/domains/passpermisfacile.fr/public_html/staging/artisan(13): Illuminate\\Foundation\\Application->handleCommand()
#25 {main}
"} 
[2026-03-20 06:27:26] prod.ERROR: SQLSTATE[HY000] [1045] Access denied for user 'root'@'localhost' (using password: NO) (Connection: mysql, SQL: delete from `cache`) {"exception":"[object] (Illuminate\\Database\\QueryException(code: 1045): SQLSTATE[HY000] [1045] Access denied for user 'root'@'localhost' (using password: NO) (Connection: mysql, SQL: delete from `cache`) at /home/u913608250/domains/passpermisfacile.fr/public_html/staging/vendor/laravel/framework/src/Illuminate/Database/Connection.php:825)
[stacktrace]
#0 /home/u913608250/domains/passpermisfacile.fr/public_html/staging/vendor/laravel/framework/src/Illuminate/Database/Connection.php(779): Illuminate\\Database\\Connection->runQueryCallback()
#1 /home/u913608250/domains/passpermisfacile.fr/public_html/staging/vendor/laravel/framework/src/Illuminate/Database/Connection.php(584): Illuminate\\Database\\Connection->run()
#2 /home/u913608250/domains/passpermisfacile.fr/public_html/staging/vendor/laravel/framework/src/Illuminate/Database/Connection.php(548): Illuminate\\Database\\Connection->affectingStatement()
#3 /home/u913608250/domains/passpermisfacile.fr/public_html/staging/vendor/laravel/framework/src/Illuminate/Database/Query/Builder.php(4024): Illuminate\\Database\\Connection->delete()
#4 /home/u913608250/domains/passpermisfacile.fr/public_html/staging/vendor/laravel/framework/src/Illuminate/Cache/DatabaseStore.php(422): Illuminate\\Database\\Query\\Builder->delete()
#5 /home/u913608250/domains/passpermisfacile.fr/public_html/staging/vendor/laravel/framework/src/Illuminate/Cache/Repository.php(792): Illuminate\\Cache\\DatabaseStore->flush()
#6 /home/u913608250/domains/passpermisfacile.fr/public_html/staging/vendor/laravel/framework/src/Illuminate/Cache/Console/ClearCommand.php(69): Illuminate\\Cache\\Repository->__call()
#7 /home/u913608250/domains/passpermisfacile.fr/public_html/staging/vendor/laravel/framework/src/Illuminate/Container/BoundMethod.php(36): Illuminate\\Cache\\Console\\ClearCommand->handle()
#8 /home/u913608250/domains/passpermisfacile.fr/public_html/staging/vendor/laravel/framework/src/Illuminate/Container/Util.php(43): Illuminate\\Container\\BoundMethod::{closure:Illuminate\\Container\\BoundMethod::call():35}()
#9 /home/u913608250/domains/passpermisfacile.fr/public_html/staging/vendor/laravel/framework/src/Illuminate/Container/BoundMethod.php(95): Illuminate\\Container\\Util::unwrapIfClosure()
#10 /home/u913608250/domains/passpermisfacile.fr/public_html/staging/vendor/laravel/framework/src/Illuminate/Container/BoundMethod.php(35): Illuminate\\Container\\BoundMethod::callBoundMethod()
#11 /home/u913608250/domains/passpermisfacile.fr/public_html/staging/vendor/laravel/framework/src/Illuminate/Container/Container.php(696): Illuminate\\Container\\BoundMethod::call()
#12 /home/u913608250/domains/passpermisfacile.fr/public_html/staging/vendor/laravel/framework/src/Illuminate/Console/Command.php(213): Illuminate\\Container\\Container->call()
#13 /home/u913608250/domains/passpermisfacile.fr/public_html/staging/vendor/symfony/console/Command/Command.php(341): Illuminate\\Console\\Command->execute()
#14 /home/u913608250/domains/passpermisfacile.fr/public_html/staging/vendor/laravel/framework/src/Illuminate/Console/Command.php(182): Symfony\\Component\\Console\\Command\\Command->run()
#15 /home/u913608250/domains/passpermisfacile.fr/public_html/staging/vendor/symfony/console/Application.php(1102): Illuminate\\Console\\Command->run()
#16 /home/u913608250/domains/passpermisfacile.fr/public_html/staging/vendor/symfony/console/Application.php(356): Symfony\\Component\\Console\\Application->doRunCommand()
#17 /home/u913608250/domains/passpermisfacile.fr/public_html/staging/vendor/symfony/console/Application.php(195): Symfony\\Component\\Console\\Application->doRun()
#18 /home/u913608250/domains/passpermisfacile.fr/public_html/staging/vendor/laravel/framework/src/Illuminate/Foundation/Console/Kernel.php(198): Symfony\\Component\\Console\\Application->run()
#19 /home/u913608250/domains/passpermisfacile.fr/public_html/staging/vendor/laravel/framework/src/Illuminate/Foundation/Application.php(1235): Illuminate\\Foundation\\Console\\Kernel->handle()
#20 /home/u913608250/domains/passpermisfacile.fr/public_html/staging/artisan(13): Illuminate\\Foundation\\Application->handleCommand()
#21 {main}

[previous exception] [object] (PDOException(code: 1045): SQLSTATE[HY000] [1045] Access denied for user 'root'@'localhost' (using password: NO) at /home/u913608250/domains/passpermisfacile.fr/public_html/staging/vendor/laravel/framework/src/Illuminate/Database/Connectors/Connector.php:67)
[stacktrace]
#0 /home/u913608250/domains/passpermisfacile.fr/public_html/staging/vendor/laravel/framework/src/Illuminate/Database/Connectors/Connector.php(67): PDO::connect()
#1 /home/u913608250/domains/passpermisfacile.fr/public_html/staging/vendor/laravel/framework/src/Illuminate/Database/Connectors/Connector.php(44): Illuminate\\Database\\Connectors\\Connector->createPdoConnection()
#2 /home/u913608250/domains/passpermisfacile.fr/public_html/staging/vendor/laravel/framework/src/Illuminate/Database/Connectors/MySqlConnector.php(24): Illuminate\\Database\\Connectors\\Connector->createConnection()
#3 /home/u913608250/domains/passpermisfacile.fr/public_html/staging/vendor/laravel/framework/src/Illuminate/Database/Connectors/ConnectionFactory.php(185): Illuminate\\Database\\Connectors\\MySqlConnector->connect()
#4 [internal function]: Illuminate\\Database\\Connectors\\ConnectionFactory->{closure:Illuminate\\Database\\Connectors\\ConnectionFactory::createPdoResolverWithHosts():180}()
#5 /home/u913608250/domains/passpermisfacile.fr/public_html/staging/vendor/laravel/framework/src/Illuminate/Database/Connection.php(1231): call_user_func()
#6 /home/u913608250/domains/passpermisfacile.fr/public_html/staging/vendor/laravel/framework/src/Illuminate/Database/Connection.php(592): Illuminate\\Database\\Connection->getPdo()
#7 /home/u913608250/domains/passpermisfacile.fr/public_html/staging/vendor/laravel/framework/src/Illuminate/Database/Connection.php(812): Illuminate\\Database\\Connection->{closure:Illuminate\\Database\\Connection::affectingStatement():584}()
#8 /home/u913608250/domains/passpermisfacile.fr/public_html/staging/vendor/laravel/framework/src/Illuminate/Database/Connection.php(779): Illuminate\\Database\\Connection->runQueryCallback()
#9 /home/u913608250/domains/passpermisfacile.fr/public_html/staging/vendor/laravel/framework/src/Illuminate/Database/Connection.php(584): Illuminate\\Database\\Connection->run()
#10 /home/u913608250/domains/passpermisfacile.fr/public_html/staging/vendor/laravel/framework/src/Illuminate/Database/Connection.php(548): Illuminate\\Database\\Connection->affectingStatement()
#11 /home/u913608250/domains/passpermisfacile.fr/public_html/staging/vendor/laravel/framework/src/Illuminate/Database/Query/Builder.php(4024): Illuminate\\Database\\Connection->delete()
#12 /home/u913608250/domains/passpermisfacile.fr/public_html/staging/vendor/laravel/framework/src/Illuminate/Cache/DatabaseStore.php(422): Illuminate\\Database\\Query\\Builder->delete()
#13 /home/u913608250/domains/passpermisfacile.fr/public_html/staging/vendor/laravel/framework/src/Illuminate/Cache/Repository.php(792): Illuminate\\Cache\\DatabaseStore->flush()
#14 /home/u913608250/domains/passpermisfacile.fr/public_html/staging/vendor/laravel/framework/src/Illuminate/Cache/Console/ClearCommand.php(69): Illuminate\\Cache\\Repository->__call()
#15 /home/u913608250/domains/passpermisfacile.fr/public_html/staging/vendor/laravel/framework/src/Illuminate/Container/BoundMethod.php(36): Illuminate\\Cache\\Console\\ClearCommand->handle()
#16 /home/u913608250/domains/passpermisfacile.fr/public_html/staging/vendor/laravel/framework/src/Illuminate/Container/Util.php(43): Illuminate\\Container\\BoundMethod::{closure:Illuminate\\Container\\BoundMethod::call():35}()
#17 /home/u913608250/domains/passpermisfacile.fr/public_html/staging/vendor/laravel/framework/src/Illuminate/Container/BoundMethod.php(95): Illuminate\\Container\\Util::unwrapIfClosure()
#18 /home/u913608250/domains/passpermisfacile.fr/public_html/staging/vendor/laravel/framework/src/Illuminate/Container/BoundMethod.php(35): Illuminate\\Container\\BoundMethod::callBoundMethod()
#19 /home/u913608250/domains/passpermisfacile.fr/public_html/staging/vendor/laravel/framework/src/Illuminate/Container/Container.php(696): Illuminate\\Container\\BoundMethod::call()
#20 /home/u913608250/domains/passpermisfacile.fr/public_html/staging/vendor/laravel/framework/src/Illuminate/Console/Command.php(213): Illuminate\\Container\\Container->call()
#21 /home/u913608250/domains/passpermisfacile.fr/public_html/staging/vendor/symfony/console/Command/Command.php(341): Illuminate\\Console\\Command->execute()
#22 /home/u913608250/domains/passpermisfacile.fr/public_html/staging/vendor/laravel/framework/src/Illuminate/Console/Command.php(182): Symfony\\Component\\Console\\Command\\Command->run()
#23 /home/u913608250/domains/passpermisfacile.fr/public_html/staging/vendor/symfony/console/Application.php(1102): Illuminate\\Console\\Command->run()
#24 /home/u913608250/domains/passpermisfacile.fr/public_html/staging/vendor/symfony/console/Application.php(356): Symfony\\Component\\Console\\Application->doRunCommand()
#25 /home/u913608250/domains/passpermisfacile.fr/public_html/staging/vendor/symfony/console/Application.php(195): Symfony\\Component\\Console\\Application->doRun()
#26 /home/u913608250/domains/passpermisfacile.fr/public_html/staging/vendor/laravel/framework/src/Illuminate/Foundation/Console/Kernel.php(198): Symfony\\Component\\Console\\Application->run()
#27 /home/u913608250/domains/passpermisfacile.fr/public_html/staging/vendor/laravel/framework/src/Illuminate/Foundation/Application.php(1235): Illuminate\\Foundation\\Console\\Kernel->handle()
#28 /home/u913608250/domains/passpermisfacile.fr/public_html/staging/artisan(13): Illuminate\\Foundation\\Application->handleCommand()
#29 {main}
"} 
